// Jest Snapshot v1, https://goo.gl/fbAQLP

exports[`States instantiates a valid state machine 1`] = `
Object {
  "StartAt": "one",
  "States": Object {
    "one": Object {
      "End": true,
      "Resource": "arn:aws:lambda:us-east-1:492107414874:function:test",
      "Retry": Array [
        Object {
          "ErrorEquals": Array [
            "States.ALL",
          ],
        },
      ],
      "Type": "Task",
    },
  },
}
`;
